\BOOKMARK [0][-]{chapter*.4}{\376\377\000R\000e\000s\000u\000m\000e}{}% 1
\BOOKMARK [0][-]{chapter.5}{\376\377\000I\000n\000t\000r\000o\000d\000u\000c\000t\000i\000o\000n}{}% 2
\BOOKMARK [1][-]{section.6}{\376\377\000C\000o\000n\000t\000e\000x\000t\000e\000\040\000d\000u\000\040\000m\000o\000d\000u\000l\000e}{chapter.5}% 3
\BOOKMARK [1][-]{section.7}{\376\377\000L\000i\000e\000n\000\040\000a\000v\000e\000c\000\040\000l\000'\000a\000r\000t\000i\000c\000l\000e\000\040\000P\000o\000i\000n\000t\000N\000e\000t}{chapter.5}% 4
\BOOKMARK [1][-]{section.8}{\376\377\000O\000b\000j\000e\000c\000t\000i\000f\000\040\000d\000e\000\040\000m\000o\000n\000\040\000r\000a\000p\000p\000o\000r\000t}{chapter.5}% 5
\BOOKMARK [0][-]{chapter.9}{\376\377\000M\000e\000t\000h\000o\000d\000e\000s\000\040\000e\000t\000\040\000a\000r\000c\000h\000i\000t\000e\000c\000t\000u\000r\000e\000s}{}% 6
\BOOKMARK [1][-]{section.10}{\376\377\000I\000d\000e\000e\000\040\000g\000e\000n\000e\000r\000a\000l\000e\000\040\000q\000u\000e\000\040\000j\000e\000\040\000r\000e\000t\000i\000e\000n\000s\000\040\000d\000e\000\040\000P\000o\000i\000n\000t\000N\000e\000t}{chapter.9}% 7
\BOOKMARK [1][-]{section.12}{\376\377\000R\000e\000s\000e\000a\000u\000\040\0001\000:\000\040\000P\000o\000i\000n\000t\000M\000L\000P\000\040\000\050\000E\000x\000e\000r\000c\000i\000c\000e\000\040\0001\000\051}{chapter.9}% 8
\BOOKMARK [1][-]{section.14}{\376\377\000R\000e\000s\000e\000a\000u\000\040\0002\000:\000\040\000P\000o\000i\000n\000t\000N\000e\000t\000B\000a\000s\000i\000c\000\040\000\050\000E\000x\000e\000r\000c\000i\000c\000e\000\040\0002\000.\0001\000\051}{chapter.9}% 9
\BOOKMARK [1][-]{section.16}{\376\377\000R\000e\000s\000e\000a\000u\000\040\0003\000:\000\040\000P\000o\000i\000n\000t\000N\000e\000t\000F\000u\000l\000l\000\040\000a\000v\000e\000c\000\040\000T\000-\000N\000e\000t\000\040\0003\000x\0003\000\040\000\050\000E\000x\000e\000r\000c\000i\000c\000e\000\040\0002\000.\0002\000\051}{chapter.9}% 10
\BOOKMARK [1][-]{section.19}{\376\377\000C\000o\000m\000p\000a\000r\000a\000i\000s\000o\000n\000\040\000s\000t\000r\000u\000c\000t\000u\000r\000e\000l\000l\000e\000\040\000d\000e\000s\000\040\000t\000r\000o\000i\000s\000\040\000r\000e\000s\000e\000a\000u\000x}{chapter.9}% 11
\BOOKMARK [0][-]{chapter.21}{\376\377\000P\000r\000o\000t\000o\000c\000o\000l\000e\000\040\000e\000x\000p\000e\000r\000i\000m\000e\000n\000t\000a\000l\000\040\000e\000t\000\040\000d\000e\000m\000a\000r\000c\000h\000e\000\040\000s\000c\000i\000e\000n\000t\000i\000f\000i\000q\000u\000e}{}% 12
\BOOKMARK [1][-]{section.22}{\376\377\000C\000o\000m\000m\000e\000n\000t\000\040\000j\000'\000a\000i\000\040\000s\000t\000r\000u\000c\000t\000u\000r\000e\000\040\000m\000a\000\040\000d\000e\000m\000a\000r\000c\000h\000e}{chapter.21}% 13
\BOOKMARK [1][-]{section.28}{\376\377\000D\000o\000n\000n\000e\000e\000s\000\040\000e\000t\000\040\000c\000o\000n\000s\000t\000a\000n\000t\000e\000s\000\040\000d\000e\000\040\000t\000r\000a\000v\000a\000i\000l}{chapter.21}% 14
\BOOKMARK [1][-]{section.29}{\376\377\000P\000i\000p\000e\000l\000i\000n\000e\000\040\000d\000e\000\040\000p\000r\000e\000t\000r\000a\000i\000t\000e\000m\000e\000n\000t\000\040\000e\000t\000\040\000a\000u\000g\000m\000e\000n\000t\000a\000t\000i\000o\000n}{chapter.21}% 15
\BOOKMARK [1][-]{section.31}{\376\377\000R\000o\000l\000e\000\040\000d\000e\000\040\000c\000h\000a\000q\000u\000e\000\040\000b\000l\000o\000c\000\040\000d\000e\000\040\000r\000u\000n\000s}{chapter.21}% 16
\BOOKMARK [1][-]{section.33}{\376\377\000M\000e\000t\000r\000i\000q\000u\000e\000s\000\040\000s\000u\000i\000v\000i\000e\000s}{chapter.21}% 17
\BOOKMARK [0][-]{chapter.34}{\376\377\000R\000e\000s\000u\000l\000t\000a\000t\000s\000\040\000e\000t\000\040\000v\000i\000s\000u\000a\000l\000i\000s\000a\000t\000i\000o\000n\000s}{}% 18
\BOOKMARK [1][-]{section.35}{\376\377\000V\000i\000s\000u\000a\000l\000i\000s\000a\000t\000i\000o\000n\000\040\000d\000e\000s\000\040\000a\000u\000g\000m\000e\000n\000t\000a\000t\000i\000o\000n\000s\000\040\000p\000o\000i\000n\000t\000\040\000c\000l\000o\000u\000d}{chapter.34}% 19
\BOOKMARK [1][-]{section.38}{\376\377\000C\000a\000m\000p\000a\000g\000n\000e\000\040\000C\0001\000:\000\040\000b\000e\000n\000c\000h\000m\000a\000r\000k\000\040\0001\0000\000\040\000a\000u\000g\000m\000e\000n\000t\000a\000t\000i\000o\000n\000s\000\040\000\050\000s\000e\000e\000d\000\040\0004\0002\000,\000\040\0002\0005\000\040\000e\000p\000o\000c\000h\000s\000\051}{chapter.34}% 20
\BOOKMARK [1][-]{section.42}{\376\377\000C\000a\000m\000p\000a\000g\000n\000e\000\040\000C\0002\000:\000\040\000b\000e\000n\000c\000h\000m\000a\000r\000k\000\040\000r\000o\000b\000u\000s\000t\000e\000\040\000\050\000s\000e\000e\000d\000\040\0001\000\051}{chapter.34}% 21
\BOOKMARK [1][-]{section.46}{\376\377\000R\000u\000n\000s\000\040\000f\000i\000n\000a\000u\000x\000\040\000b\000a\000s\000e\000l\000i\000n\000e\000\040\000+\000\040\000o\000c\000c\000l\000u\000s\000i\000o\000n}{chapter.34}% 22
\BOOKMARK [0][-]{chapter.49}{\376\377\000D\000i\000s\000c\000u\000s\000s\000i\000o\000n\000\040\000e\000t\000\040\000p\000r\000i\000s\000e\000\040\000d\000e\000\040\000d\000e\000c\000i\000s\000i\000o\000n}{}% 23
\BOOKMARK [1][-]{section.50}{\376\377\000P\000o\000u\000r\000q\000u\000o\000i\000\040\000j\000e\000\040\000r\000e\000t\000i\000e\000n\000s\000\040\000l\000'\000o\000c\000c\000l\000u\000s\000i\000o\000n}{chapter.49}% 24
\BOOKMARK [1][-]{section.51}{\376\377\000C\000e\000\040\000q\000u\000e\000\040\000j\000'\000a\000i\000\040\000a\000p\000p\000r\000i\000s\000\040\000d\000e\000s\000\040\000a\000u\000t\000r\000e\000s\000\040\000e\000s\000s\000a\000i\000s}{chapter.49}% 25
\BOOKMARK [1][-]{section.52}{\376\377\000L\000i\000e\000n\000\040\000a\000v\000e\000c\000\040\000l\000'\000e\000v\000a\000l\000u\000a\000t\000i\000o\000n\000\040\000p\000e\000d\000a\000g\000o\000g\000i\000q\000u\000e}{chapter.49}% 26
\BOOKMARK [1][-]{section.53}{\376\377\000L\000i\000m\000i\000t\000e\000s\000\040\000d\000e\000\040\000m\000a\000\040\000v\000e\000r\000s\000i\000o\000n\000\040\000a\000c\000t\000u\000e\000l\000l\000e}{chapter.49}% 27
\BOOKMARK [0][-]{chapter.54}{\376\377\000C\000o\000n\000c\000l\000u\000s\000i\000o\000n}{}% 28
\BOOKMARK [0][-]{chapter.54}{\376\377\000B\000i\000b\000l\000i\000o\000g\000r\000a\000p\000h\000i\000e}{}% 29
