Device: cuda:0 (NVIDIA GeForce MX110) (kind=cuda, amp=True)
Dataset check OK: classes=10 train_ply=3991 test_ply=908
Output directory: /home/nochi/NOCHI/M2_PAR/Apprenyissage_Pointcloud/Pointclouds-classification-with-the-POINTNET-Neural-network/PointNetLab/Code/reports/pointnetfull_aug_suite_20260208_145104
Running 10 experiments

=== [1/10] baseline ===
[baseline] Epoch 01/25 train_loss=1.0394 train_acc=64.27% val_loss=1.0772 val_acc=62.00% time=265.58s
[baseline] Epoch 02/25 train_loss=0.6811 train_acc=76.20% val_loss=1.1130 val_acc=67.29% time=264.01s
[baseline] Epoch 03/25 train_loss=0.5667 train_acc=80.73% val_loss=0.5960 val_acc=78.63% time=265.35s
[baseline] Epoch 04/25 train_loss=0.4996 train_acc=82.46% val_loss=0.5479 val_acc=83.15% time=265.90s
[baseline] Epoch 05/25 train_loss=0.4558 train_acc=84.39% val_loss=0.6221 val_acc=80.40% time=263.74s
[baseline] Epoch 06/25 train_loss=0.4592 train_acc=83.96% val_loss=0.6788 val_acc=80.84% time=263.20s
[baseline] Epoch 07/25 train_loss=0.4221 train_acc=86.09% val_loss=0.4194 val_acc=86.34% time=265.60s
[baseline] Epoch 08/25 train_loss=0.3770 train_acc=86.80% val_loss=0.5098 val_acc=83.92% time=264.69s
[baseline] Epoch 09/25 train_loss=0.3754 train_acc=87.85% val_loss=0.4008 val_acc=87.78% time=263.73s
[baseline] Epoch 10/25 train_loss=0.3565 train_acc=87.92% val_loss=0.5329 val_acc=80.51% time=263.21s
[baseline] Epoch 11/25 train_loss=0.3681 train_acc=87.02% val_loss=0.5061 val_acc=83.37% time=265.32s
[baseline] Epoch 12/25 train_loss=0.3371 train_acc=88.75% val_loss=0.6833 val_acc=78.08% time=265.44s
[baseline] Epoch 13/25 train_loss=0.3463 train_acc=88.22% val_loss=0.4644 val_acc=85.68% time=263.67s
[baseline] Epoch 14/25 train_loss=0.2890 train_acc=90.33% val_loss=0.4241 val_acc=87.33% time=263.11s
[baseline] Epoch 15/25 train_loss=0.3165 train_acc=89.68% val_loss=0.4979 val_acc=83.70% time=265.57s
[baseline] Epoch 16/25 train_loss=0.2972 train_acc=89.78% val_loss=0.4692 val_acc=85.13% time=265.59s
[baseline] Epoch 17/25 train_loss=0.3096 train_acc=89.38% val_loss=0.3596 val_acc=89.32% time=263.53s
[baseline] Epoch 18/25 train_loss=0.2741 train_acc=90.85% val_loss=0.3988 val_acc=85.90% time=263.16s
[baseline] Epoch 19/25 train_loss=0.2672 train_acc=91.03% val_loss=0.4355 val_acc=86.01% time=263.93s
[baseline] Epoch 20/25 train_loss=0.2755 train_acc=90.50% val_loss=0.5022 val_acc=85.24% time=262.78s
[baseline] Epoch 21/25 train_loss=0.2464 train_acc=91.86% val_loss=0.3056 val_acc=89.32% time=265.51s
[baseline] Epoch 22/25 train_loss=0.2095 train_acc=92.93% val_loss=0.3405 val_acc=88.44% time=266.21s
[baseline] Epoch 23/25 train_loss=0.1973 train_acc=93.03% val_loss=0.3049 val_acc=90.31% time=263.80s
[baseline] Epoch 24/25 train_loss=0.1992 train_acc=93.18% val_loss=0.5149 val_acc=83.15% time=263.28s
[baseline] Epoch 25/25 train_loss=0.1939 train_acc=92.91% val_loss=0.3428 val_acc=88.77% time=265.49s

=== [2/10] plus_scale ===
[plus_scale] Epoch 01/25 train_loss=1.1438 train_acc=60.94% val_loss=1.3341 val_acc=54.19% time=265.68s
[plus_scale] Epoch 02/25 train_loss=0.6882 train_acc=76.35% val_loss=0.8479 val_acc=73.24% time=265.86s
[plus_scale] Epoch 03/25 train_loss=0.5343 train_acc=81.93% val_loss=0.6870 val_acc=76.10% time=264.16s
[plus_scale] Epoch 04/25 train_loss=0.4902 train_acc=82.99% val_loss=0.6749 val_acc=77.20% time=263.67s
[plus_scale] Epoch 05/25 train_loss=0.4286 train_acc=85.02% val_loss=0.4908 val_acc=83.81% time=265.88s
[plus_scale] Epoch 06/25 train_loss=0.4409 train_acc=84.39% val_loss=0.6151 val_acc=79.63% time=265.82s
[plus_scale] Epoch 07/25 train_loss=0.3931 train_acc=87.07% val_loss=0.4796 val_acc=83.70% time=263.83s
[plus_scale] Epoch 08/25 train_loss=0.3607 train_acc=87.47% val_loss=0.4209 val_acc=88.99% time=263.71s
[plus_scale] Epoch 09/25 train_loss=0.3638 train_acc=86.75% val_loss=0.4741 val_acc=84.80% time=265.72s
[plus_scale] Epoch 10/25 train_loss=0.3519 train_acc=87.35% val_loss=0.5079 val_acc=82.27% time=265.73s
[plus_scale] Epoch 11/25 train_loss=0.3395 train_acc=87.97% val_loss=0.4219 val_acc=85.90% time=263.88s
[plus_scale] Epoch 12/25 train_loss=0.3218 train_acc=89.05% val_loss=0.5380 val_acc=83.37% time=263.49s
[plus_scale] Epoch 13/25 train_loss=0.3176 train_acc=89.00% val_loss=0.4803 val_acc=84.91% time=265.61s
[plus_scale] Epoch 14/25 train_loss=0.2924 train_acc=90.03% val_loss=0.4866 val_acc=85.35% time=265.62s
[plus_scale] Epoch 15/25 train_loss=0.2862 train_acc=90.10% val_loss=0.4227 val_acc=86.78% time=263.99s
[plus_scale] Epoch 16/25 train_loss=0.2693 train_acc=91.41% val_loss=0.4311 val_acc=85.46% time=263.29s
[plus_scale] Epoch 17/25 train_loss=0.2926 train_acc=90.10% val_loss=0.5500 val_acc=82.82% time=265.99s
[plus_scale] Epoch 18/25 train_loss=0.2668 train_acc=90.95% val_loss=0.4910 val_acc=83.70% time=265.63s
[plus_scale] Epoch 19/25 train_loss=0.2458 train_acc=91.73% val_loss=0.4839 val_acc=84.91% time=263.99s
[plus_scale] Epoch 20/25 train_loss=0.2625 train_acc=91.18% val_loss=0.4480 val_acc=85.90% time=263.12s
[plus_scale] Epoch 21/25 train_loss=0.2203 train_acc=92.31% val_loss=0.3080 val_acc=90.31% time=265.90s
[plus_scale] Epoch 22/25 train_loss=0.1873 train_acc=93.66% val_loss=0.3145 val_acc=88.99% time=266.06s
[plus_scale] Epoch 23/25 train_loss=0.1900 train_acc=93.11% val_loss=0.3259 val_acc=90.09% time=264.05s
[plus_scale] Epoch 24/25 train_loss=0.1923 train_acc=93.86% val_loss=0.3357 val_acc=88.88% time=263.55s
[plus_scale] Epoch 25/25 train_loss=0.1800 train_acc=94.06% val_loss=0.4035 val_acc=87.33% time=265.71s

=== [3/10] plus_translate ===
[plus_translate] Epoch 01/25 train_loss=1.1208 train_acc=62.39% val_loss=0.9650 val_acc=67.40% time=265.48s
[plus_translate] Epoch 02/25 train_loss=0.7212 train_acc=75.39% val_loss=0.8007 val_acc=74.78% time=265.88s
[plus_translate] Epoch 03/25 train_loss=0.6039 train_acc=79.48% val_loss=0.6532 val_acc=78.30% time=263.76s
[plus_translate] Epoch 04/25 train_loss=0.5072 train_acc=81.91% val_loss=0.7838 val_acc=73.24% time=263.15s
[plus_translate] Epoch 05/25 train_loss=0.4874 train_acc=82.69% val_loss=0.7820 val_acc=74.78% time=266.11s
[plus_translate] Epoch 06/25 train_loss=0.4633 train_acc=83.84% val_loss=0.6672 val_acc=76.10% time=265.81s
[plus_translate] Epoch 07/25 train_loss=0.4275 train_acc=84.94% val_loss=0.4512 val_acc=85.24% time=263.88s
[plus_translate] Epoch 08/25 train_loss=0.3923 train_acc=86.75% val_loss=0.4963 val_acc=84.58% time=263.46s
[plus_translate] Epoch 09/25 train_loss=0.3799 train_acc=87.30% val_loss=0.4678 val_acc=85.46% time=265.61s
[plus_translate] Epoch 10/25 train_loss=0.3728 train_acc=87.57% val_loss=0.5696 val_acc=80.62% time=266.08s
[plus_translate] Epoch 11/25 train_loss=0.3805 train_acc=86.44% val_loss=0.5962 val_acc=81.50% time=263.94s
[plus_translate] Epoch 12/25 train_loss=0.3556 train_acc=87.50% val_loss=0.6172 val_acc=78.52% time=263.48s
[plus_translate] Epoch 13/25 train_loss=0.3644 train_acc=87.32% val_loss=0.4190 val_acc=86.34% time=265.95s
[plus_translate] Epoch 14/25 train_loss=0.3128 train_acc=89.83% val_loss=0.4218 val_acc=86.89% time=266.34s
[plus_translate] Epoch 15/25 train_loss=0.3198 train_acc=89.08% val_loss=0.4457 val_acc=85.24% time=263.54s
[plus_translate] Epoch 16/25 train_loss=0.3108 train_acc=89.38% val_loss=0.4040 val_acc=85.68% time=263.58s
[plus_translate] Epoch 17/25 train_loss=0.3168 train_acc=88.85% val_loss=0.3938 val_acc=87.89% time=265.56s
[plus_translate] Epoch 18/25 train_loss=0.2914 train_acc=89.83% val_loss=0.4737 val_acc=84.14% time=266.56s
[plus_translate] Epoch 19/25 train_loss=0.2856 train_acc=89.90% val_loss=0.3816 val_acc=86.12% time=263.91s
[plus_translate] Epoch 20/25 train_loss=0.2973 train_acc=89.88% val_loss=0.3883 val_acc=86.78% time=263.85s
[plus_translate] Epoch 21/25 train_loss=0.2634 train_acc=91.18% val_loss=0.3018 val_acc=90.31% time=265.60s
[plus_translate] Epoch 22/25 train_loss=0.2174 train_acc=93.18% val_loss=0.3151 val_acc=90.09% time=265.95s
[plus_translate] Epoch 23/25 train_loss=0.2180 train_acc=92.63% val_loss=0.3153 val_acc=90.31% time=263.62s
[plus_translate] Epoch 24/25 train_loss=0.2163 train_acc=92.76% val_loss=0.3332 val_acc=89.43% time=264.08s
[plus_translate] Epoch 25/25 train_loss=0.2098 train_acc=92.81% val_loss=0.3974 val_acc=87.56% time=265.71s

=== [4/10] plus_jitter ===
[plus_jitter] Epoch 01/25 train_loss=1.0320 train_acc=64.87% val_loss=1.0263 val_acc=62.00% time=265.91s
[plus_jitter] Epoch 02/25 train_loss=0.6570 train_acc=77.52% val_loss=1.3184 val_acc=59.36% time=266.33s
[plus_jitter] Epoch 03/25 train_loss=0.5400 train_acc=81.66% val_loss=0.6217 val_acc=78.52% time=264.31s
[plus_jitter] Epoch 04/25 train_loss=0.4703 train_acc=83.76% val_loss=0.9063 val_acc=69.49% time=264.21s
[plus_jitter] Epoch 05/25 train_loss=0.4277 train_acc=85.14% val_loss=0.6221 val_acc=79.07% time=265.92s
[plus_jitter] Epoch 06/25 train_loss=0.4365 train_acc=84.44% val_loss=0.6295 val_acc=79.74% time=266.52s
[plus_jitter] Epoch 07/25 train_loss=0.4057 train_acc=85.99% val_loss=0.4920 val_acc=82.60% time=263.84s
[plus_jitter] Epoch 08/25 train_loss=0.3479 train_acc=87.32% val_loss=0.4213 val_acc=86.67% time=263.84s
[plus_jitter] Epoch 09/25 train_loss=0.3661 train_acc=87.67% val_loss=0.4214 val_acc=87.78% time=266.01s
[plus_jitter] Epoch 10/25 train_loss=0.3511 train_acc=88.27% val_loss=0.5773 val_acc=80.73% time=266.38s
[plus_jitter] Epoch 11/25 train_loss=0.3282 train_acc=88.40% val_loss=0.5395 val_acc=81.17% time=264.31s
[plus_jitter] Epoch 12/25 train_loss=0.3177 train_acc=88.95% val_loss=0.6562 val_acc=77.86% time=264.10s
[plus_jitter] Epoch 13/25 train_loss=0.3073 train_acc=89.03% val_loss=0.4766 val_acc=85.46% time=266.17s
[plus_jitter] Epoch 14/25 train_loss=0.2655 train_acc=91.03% val_loss=0.5096 val_acc=83.59% time=266.52s
[plus_jitter] Epoch 15/25 train_loss=0.2832 train_acc=90.48% val_loss=0.4219 val_acc=87.67% time=264.10s
[plus_jitter] Epoch 16/25 train_loss=0.2739 train_acc=90.13% val_loss=0.4566 val_acc=84.91% time=263.88s
[plus_jitter] Epoch 17/25 train_loss=0.2726 train_acc=90.55% val_loss=0.4966 val_acc=83.92% time=265.95s
[plus_jitter] Epoch 18/25 train_loss=0.2337 train_acc=92.01% val_loss=0.4688 val_acc=85.02% time=266.04s
[plus_jitter] Epoch 19/25 train_loss=0.2543 train_acc=91.08% val_loss=0.3734 val_acc=86.01% time=264.02s
[plus_jitter] Epoch 20/25 train_loss=0.2627 train_acc=90.83% val_loss=0.4557 val_acc=86.01% time=263.80s
[plus_jitter] Epoch 21/25 train_loss=0.2087 train_acc=92.96% val_loss=0.3028 val_acc=90.64% time=266.22s
[plus_jitter] Epoch 22/25 train_loss=0.1859 train_acc=93.79% val_loss=0.3401 val_acc=90.20% time=266.03s
[plus_jitter] Epoch 23/25 train_loss=0.1805 train_acc=93.59% val_loss=0.3187 val_acc=91.08% time=264.17s
[plus_jitter] Epoch 24/25 train_loss=0.1709 train_acc=94.19% val_loss=0.4582 val_acc=83.48% time=263.79s
[plus_jitter] Epoch 25/25 train_loss=0.1652 train_acc=94.44% val_loss=0.3984 val_acc=86.67% time=266.08s

=== [5/10] plus_mirror ===
[plus_mirror] Epoch 01/25 train_loss=1.0088 train_acc=65.57% val_loss=0.7836 val_acc=72.58% time=265.61s
[plus_mirror] Epoch 02/25 train_loss=0.6087 train_acc=79.63% val_loss=1.6475 val_acc=61.23% time=265.65s
[plus_mirror] Epoch 03/25 train_loss=0.5182 train_acc=82.91% val_loss=0.6703 val_acc=75.99% time=263.90s
[plus_mirror] Epoch 04/25 train_loss=0.4442 train_acc=84.67% val_loss=0.6241 val_acc=77.75% time=263.11s
[plus_mirror] Epoch 05/25 train_loss=0.3975 train_acc=86.57% val_loss=0.6821 val_acc=77.42% time=265.98s
[plus_mirror] Epoch 06/25 train_loss=0.3890 train_acc=86.32% val_loss=0.5241 val_acc=82.60% time=265.54s
[plus_mirror] Epoch 07/25 train_loss=0.3438 train_acc=88.45% val_loss=0.4503 val_acc=86.78% time=264.07s
[plus_mirror] Epoch 08/25 train_loss=0.3281 train_acc=88.32% val_loss=0.4772 val_acc=84.58% time=263.50s
[plus_mirror] Epoch 09/25 train_loss=0.3458 train_acc=87.95% val_loss=0.5126 val_acc=83.59% time=265.54s
[plus_mirror] Epoch 10/25 train_loss=0.3104 train_acc=89.50% val_loss=0.4931 val_acc=84.58% time=265.90s
[plus_mirror] Epoch 11/25 train_loss=0.3053 train_acc=89.30% val_loss=0.5941 val_acc=80.40% time=263.98s
[plus_mirror] Epoch 12/25 train_loss=0.2894 train_acc=89.93% val_loss=0.5142 val_acc=83.92% time=263.29s
[plus_mirror] Epoch 13/25 train_loss=0.2981 train_acc=90.03% val_loss=0.4009 val_acc=87.44% time=265.35s
[plus_mirror] Epoch 14/25 train_loss=0.2615 train_acc=90.98% val_loss=0.4046 val_acc=86.89% time=265.32s
[plus_mirror] Epoch 15/25 train_loss=0.2670 train_acc=91.16% val_loss=0.4579 val_acc=85.35% time=263.75s
[plus_mirror] Epoch 16/25 train_loss=0.2658 train_acc=91.21% val_loss=0.5084 val_acc=83.48% time=263.29s
[plus_mirror] Epoch 17/25 train_loss=0.2649 train_acc=91.16% val_loss=0.4094 val_acc=87.22% time=265.39s
[plus_mirror] Epoch 18/25 train_loss=0.2307 train_acc=92.28% val_loss=0.4870 val_acc=83.81% time=265.97s
[plus_mirror] Epoch 19/25 train_loss=0.2223 train_acc=92.61% val_loss=0.5009 val_acc=83.81% time=263.89s
[plus_mirror] Epoch 20/25 train_loss=0.2272 train_acc=92.61% val_loss=0.4301 val_acc=87.33% time=263.68s
[plus_mirror] Epoch 21/25 train_loss=0.1981 train_acc=93.49% val_loss=0.3316 val_acc=90.75% time=265.89s
[plus_mirror] Epoch 22/25 train_loss=0.1738 train_acc=94.01% val_loss=0.3277 val_acc=89.43% time=265.51s
[plus_mirror] Epoch 23/25 train_loss=0.1652 train_acc=94.31% val_loss=0.3226 val_acc=90.09% time=263.44s
[plus_mirror] Epoch 24/25 train_loss=0.1560 train_acc=94.66% val_loss=0.4185 val_acc=86.89% time=263.46s
[plus_mirror] Epoch 25/25 train_loss=0.1625 train_acc=94.39% val_loss=0.4244 val_acc=87.56% time=265.02s

=== [6/10] plus_dropout ===
[plus_dropout] Epoch 01/25 train_loss=1.0704 train_acc=63.19% val_loss=0.9228 val_acc=67.07% time=265.48s
[plus_dropout] Epoch 02/25 train_loss=0.6712 train_acc=77.05% val_loss=1.0878 val_acc=67.84% time=265.61s
[plus_dropout] Epoch 03/25 train_loss=0.5429 train_acc=80.98% val_loss=0.6740 val_acc=77.64% time=264.17s
[plus_dropout] Epoch 04/25 train_loss=0.4770 train_acc=83.54% val_loss=0.6911 val_acc=77.31% time=263.65s
[plus_dropout] Epoch 05/25 train_loss=0.4420 train_acc=84.62% val_loss=0.6778 val_acc=76.54% time=266.09s
[plus_dropout] Epoch 06/25 train_loss=0.4428 train_acc=84.69% val_loss=0.4779 val_acc=83.81% time=266.46s
[plus_dropout] Epoch 07/25 train_loss=0.3964 train_acc=86.02% val_loss=0.6087 val_acc=81.61% time=263.85s
[plus_dropout] Epoch 08/25 train_loss=0.3791 train_acc=86.90% val_loss=0.4308 val_acc=85.35% time=263.77s
[plus_dropout] Epoch 09/25 train_loss=0.3646 train_acc=88.07% val_loss=0.4338 val_acc=86.01% time=266.14s
[plus_dropout] Epoch 10/25 train_loss=0.3628 train_acc=88.02% val_loss=0.6907 val_acc=77.86% time=266.60s
[plus_dropout] Epoch 11/25 train_loss=0.3606 train_acc=87.27% val_loss=0.6723 val_acc=77.53% time=264.32s
[plus_dropout] Epoch 12/25 train_loss=0.3312 train_acc=88.40% val_loss=0.6382 val_acc=78.74% time=263.78s
[plus_dropout] Epoch 13/25 train_loss=0.3355 train_acc=88.60% val_loss=0.4569 val_acc=84.36% time=266.06s
[plus_dropout] Epoch 14/25 train_loss=0.2971 train_acc=89.53% val_loss=0.4857 val_acc=81.94% time=265.96s
[plus_dropout] Epoch 15/25 train_loss=0.3137 train_acc=89.63% val_loss=0.6084 val_acc=82.49% time=264.13s
[plus_dropout] Epoch 16/25 train_loss=0.2928 train_acc=89.73% val_loss=0.4745 val_acc=85.68% time=263.49s
[plus_dropout] Epoch 17/25 train_loss=0.3056 train_acc=89.43% val_loss=0.4753 val_acc=84.03% time=266.01s
[plus_dropout] Epoch 18/25 train_loss=0.2783 train_acc=90.25% val_loss=0.4602 val_acc=85.90% time=265.80s
[plus_dropout] Epoch 19/25 train_loss=0.2790 train_acc=90.58% val_loss=0.4737 val_acc=84.25% time=263.52s
[plus_dropout] Epoch 20/25 train_loss=0.2744 train_acc=90.30% val_loss=0.4793 val_acc=85.79% time=263.75s
[plus_dropout] Epoch 21/25 train_loss=0.2336 train_acc=92.26% val_loss=0.3622 val_acc=87.89% time=266.16s
[plus_dropout] Epoch 22/25 train_loss=0.2139 train_acc=92.53% val_loss=0.3265 val_acc=89.43% time=266.02s
[plus_dropout] Epoch 23/25 train_loss=0.1982 train_acc=93.23% val_loss=0.3337 val_acc=89.65% time=264.28s
[plus_dropout] Epoch 24/25 train_loss=0.1862 train_acc=93.91% val_loss=0.3783 val_acc=88.55% time=263.37s
[plus_dropout] Epoch 25/25 train_loss=0.1876 train_acc=93.26% val_loss=0.3259 val_acc=89.43% time=265.70s

=== [7/10] plus_occlusion ===
[plus_occlusion] Epoch 01/25 train_loss=1.0518 train_acc=63.69% val_loss=1.1620 val_acc=64.10% time=265.81s
[plus_occlusion] Epoch 02/25 train_loss=0.6455 train_acc=77.88% val_loss=0.6319 val_acc=78.08% time=265.88s
[plus_occlusion] Epoch 03/25 train_loss=0.5301 train_acc=82.21% val_loss=0.5845 val_acc=80.84% time=264.01s
[plus_occlusion] Epoch 04/25 train_loss=0.4768 train_acc=83.14% val_loss=0.6426 val_acc=77.86% time=263.74s
[plus_occlusion] Epoch 05/25 train_loss=0.4249 train_acc=85.49% val_loss=0.4725 val_acc=82.82% time=265.91s
[plus_occlusion] Epoch 06/25 train_loss=0.4425 train_acc=84.77% val_loss=0.5488 val_acc=81.72% time=266.18s
[plus_occlusion] Epoch 07/25 train_loss=0.3892 train_acc=86.87% val_loss=0.5091 val_acc=83.48% time=263.85s
[plus_occlusion] Epoch 08/25 train_loss=0.3772 train_acc=87.00% val_loss=0.4202 val_acc=85.13% time=263.46s
[plus_occlusion] Epoch 09/25 train_loss=0.3729 train_acc=87.02% val_loss=0.3917 val_acc=88.99% time=265.84s
[plus_occlusion] Epoch 10/25 train_loss=0.3424 train_acc=87.97% val_loss=0.6427 val_acc=79.74% time=265.75s
[plus_occlusion] Epoch 11/25 train_loss=0.3497 train_acc=88.52% val_loss=0.4625 val_acc=84.47% time=263.83s
[plus_occlusion] Epoch 12/25 train_loss=0.3300 train_acc=88.62% val_loss=0.7173 val_acc=79.96% time=263.70s
[plus_occlusion] Epoch 13/25 train_loss=0.3310 train_acc=87.77% val_loss=0.4191 val_acc=85.79% time=265.43s
[plus_occlusion] Epoch 14/25 train_loss=0.2857 train_acc=90.18% val_loss=0.4373 val_acc=87.22% time=265.73s
[plus_occlusion] Epoch 15/25 train_loss=0.2823 train_acc=90.65% val_loss=0.4255 val_acc=88.33% time=264.30s
[plus_occlusion] Epoch 16/25 train_loss=0.2801 train_acc=90.45% val_loss=0.3859 val_acc=87.11% time=263.80s
[plus_occlusion] Epoch 17/25 train_loss=0.2896 train_acc=90.00% val_loss=0.3555 val_acc=88.55% time=265.82s
[plus_occlusion] Epoch 18/25 train_loss=0.2774 train_acc=90.73% val_loss=0.4860 val_acc=83.92% time=265.53s
[plus_occlusion] Epoch 19/25 train_loss=0.2593 train_acc=91.28% val_loss=0.4238 val_acc=85.68% time=263.98s
[plus_occlusion] Epoch 20/25 train_loss=0.2678 train_acc=91.00% val_loss=0.3931 val_acc=88.00% time=263.49s
[plus_occlusion] Epoch 21/25 train_loss=0.2070 train_acc=93.18% val_loss=0.3355 val_acc=89.87% time=265.46s
[plus_occlusion] Epoch 22/25 train_loss=0.1934 train_acc=93.56% val_loss=0.3245 val_acc=89.21% time=266.13s
[plus_occlusion] Epoch 23/25 train_loss=0.1821 train_acc=94.04% val_loss=0.3193 val_acc=90.42% time=264.45s
[plus_occlusion] Epoch 24/25 train_loss=0.1812 train_acc=93.81% val_loss=0.3516 val_acc=88.44% time=263.73s
[plus_occlusion] Epoch 25/25 train_loss=0.1787 train_acc=93.41% val_loss=0.3534 val_acc=89.76% time=265.71s

=== [8/10] combo_geo ===
[combo_geo] Epoch 01/25 train_loss=1.2315 train_acc=56.35% val_loss=1.3591 val_acc=55.84% time=266.08s
[combo_geo] Epoch 02/25 train_loss=0.7963 train_acc=72.39% val_loss=1.7983 val_acc=54.41% time=266.04s
[combo_geo] Epoch 03/25 train_loss=0.6696 train_acc=77.17% val_loss=1.1723 val_acc=64.43% time=264.17s
[combo_geo] Epoch 04/25 train_loss=0.5956 train_acc=79.58% val_loss=0.7047 val_acc=75.55% time=263.92s
[combo_geo] Epoch 05/25 train_loss=0.5278 train_acc=81.71% val_loss=0.7618 val_acc=73.68% time=266.56s
[combo_geo] Epoch 06/25 train_loss=0.5063 train_acc=82.91% val_loss=0.6879 val_acc=75.00% time=266.43s
[combo_geo] Epoch 07/25 train_loss=0.4645 train_acc=83.89% val_loss=0.7679 val_acc=72.14% time=264.53s
[combo_geo] Epoch 08/25 train_loss=0.4445 train_acc=85.14% val_loss=0.5680 val_acc=83.15% time=263.96s
[combo_geo] Epoch 09/25 train_loss=0.4507 train_acc=84.62% val_loss=0.7529 val_acc=75.88% time=265.97s
[combo_geo] Epoch 10/25 train_loss=0.4005 train_acc=86.22% val_loss=0.5661 val_acc=80.62% time=266.44s
[combo_geo] Epoch 11/25 train_loss=0.4009 train_acc=86.24% val_loss=0.7237 val_acc=76.21% time=264.12s
[combo_geo] Epoch 12/25 train_loss=0.4255 train_acc=85.52% val_loss=0.4942 val_acc=82.38% time=264.22s
[combo_geo] Epoch 13/25 train_loss=0.3709 train_acc=87.27% val_loss=0.6720 val_acc=76.54% time=266.26s
[combo_geo] Epoch 14/25 train_loss=0.3581 train_acc=87.65% val_loss=0.4811 val_acc=83.70% time=266.49s
[combo_geo] Epoch 15/25 train_loss=0.3605 train_acc=87.45% val_loss=0.6050 val_acc=78.08% time=264.41s
[combo_geo] Epoch 16/25 train_loss=0.3427 train_acc=88.07% val_loss=0.5215 val_acc=82.27% time=263.63s
[combo_geo] Epoch 17/25 train_loss=0.3600 train_acc=87.92% val_loss=0.4825 val_acc=83.37% time=266.47s
[combo_geo] Epoch 18/25 train_loss=0.3513 train_acc=87.75% val_loss=0.5548 val_acc=79.63% time=266.13s
[combo_geo] Epoch 19/25 train_loss=0.3168 train_acc=88.62% val_loss=0.4690 val_acc=85.46% time=264.21s
[combo_geo] Epoch 20/25 train_loss=0.3440 train_acc=88.37% val_loss=0.6475 val_acc=81.94% time=263.93s
[combo_geo] Epoch 21/25 train_loss=0.2833 train_acc=90.65% val_loss=0.4747 val_acc=84.03% time=266.24s
[combo_geo] Epoch 22/25 train_loss=0.2516 train_acc=90.90% val_loss=0.3650 val_acc=88.33% time=266.57s
[combo_geo] Epoch 23/25 train_loss=0.2435 train_acc=91.61% val_loss=0.4030 val_acc=87.11% time=264.55s
[combo_geo] Epoch 24/25 train_loss=0.2382 train_acc=91.66% val_loss=0.4465 val_acc=86.12% time=264.22s
[combo_geo] Epoch 25/25 train_loss=0.2420 train_acc=91.73% val_loss=0.3960 val_acc=86.78% time=266.12s

=== [9/10] combo_robust ===
[combo_robust] Epoch 01/25 train_loss=1.2077 train_acc=57.48% val_loss=1.1216 val_acc=55.40% time=266.05s
[combo_robust] Epoch 02/25 train_loss=0.7849 train_acc=73.19% val_loss=1.3375 val_acc=51.65% time=266.40s
[combo_robust] Epoch 03/25 train_loss=0.6577 train_acc=77.27% val_loss=0.6605 val_acc=76.32% time=264.24s
[combo_robust] Epoch 04/25 train_loss=0.5336 train_acc=81.63% val_loss=0.5618 val_acc=82.38% time=263.63s
[combo_robust] Epoch 05/25 train_loss=0.4952 train_acc=83.14% val_loss=0.4459 val_acc=84.58% time=265.94s
[combo_robust] Epoch 06/25 train_loss=0.4898 train_acc=82.76% val_loss=0.7386 val_acc=73.35% time=266.13s
[combo_robust] Epoch 07/25 train_loss=0.4559 train_acc=84.44% val_loss=0.5927 val_acc=81.17% time=264.30s
[combo_robust] Epoch 08/25 train_loss=0.4122 train_acc=85.69% val_loss=0.8505 val_acc=74.67% time=263.68s
[combo_robust] Epoch 09/25 train_loss=0.4171 train_acc=85.64% val_loss=0.6421 val_acc=80.51% time=265.95s
[combo_robust] Epoch 10/25 train_loss=0.3966 train_acc=85.94% val_loss=0.6667 val_acc=76.43% time=266.17s
[combo_robust] Epoch 11/25 train_loss=0.4077 train_acc=85.99% val_loss=0.5198 val_acc=81.83% time=264.05s
[combo_robust] Epoch 12/25 train_loss=0.3859 train_acc=86.87% val_loss=0.5322 val_acc=81.83% time=264.14s
[combo_robust] Epoch 13/25 train_loss=0.3579 train_acc=87.77% val_loss=0.4778 val_acc=82.38% time=266.02s
[combo_robust] Epoch 14/25 train_loss=0.3400 train_acc=88.20% val_loss=0.6926 val_acc=80.40% time=265.99s
[combo_robust] Epoch 15/25 train_loss=0.3303 train_acc=88.37% val_loss=0.6407 val_acc=81.28% time=264.37s
[combo_robust] Epoch 16/25 train_loss=0.3229 train_acc=89.05% val_loss=0.5305 val_acc=85.24% time=263.81s
[combo_robust] Epoch 17/25 train_loss=0.3278 train_acc=89.23% val_loss=0.4906 val_acc=83.70% time=266.07s
[combo_robust] Epoch 18/25 train_loss=0.3196 train_acc=88.98% val_loss=0.4448 val_acc=84.91% time=266.01s
[combo_robust] Epoch 19/25 train_loss=0.3057 train_acc=89.58% val_loss=0.5857 val_acc=82.27% time=263.73s
[combo_robust] Epoch 20/25 train_loss=0.3086 train_acc=90.03% val_loss=0.6131 val_acc=81.50% time=263.50s
[combo_robust] Epoch 21/25 train_loss=0.2607 train_acc=91.33% val_loss=0.3805 val_acc=88.44% time=265.67s
[combo_robust] Epoch 22/25 train_loss=0.2343 train_acc=91.71% val_loss=0.3890 val_acc=86.67% time=266.20s
[combo_robust] Epoch 23/25 train_loss=0.2239 train_acc=92.38% val_loss=0.3352 val_acc=90.20% time=264.22s
[combo_robust] Epoch 24/25 train_loss=0.2393 train_acc=91.58% val_loss=0.3669 val_acc=87.22% time=263.80s
[combo_robust] Epoch 25/25 train_loss=0.2137 train_acc=92.71% val_loss=0.4097 val_acc=86.23% time=265.76s

=== [10/10] combo_full ===
[combo_full] Epoch 01/25 train_loss=1.2481 train_acc=56.90% val_loss=1.1300 val_acc=65.86% time=266.33s
[combo_full] Epoch 02/25 train_loss=0.8363 train_acc=71.99% val_loss=0.8821 val_acc=71.59% time=266.84s
[combo_full] Epoch 03/25 train_loss=0.6931 train_acc=76.42% val_loss=0.7352 val_acc=73.35% time=264.64s
[combo_full] Epoch 04/25 train_loss=0.6083 train_acc=79.38% val_loss=0.5793 val_acc=79.63% time=264.34s
[combo_full] Epoch 05/25 train_loss=0.5384 train_acc=81.48% val_loss=0.8815 val_acc=68.72% time=266.61s
[combo_full] Epoch 06/25 train_loss=0.5137 train_acc=82.41% val_loss=0.5263 val_acc=80.84% time=266.88s
[combo_full] Epoch 07/25 train_loss=0.4758 train_acc=84.59% val_loss=0.6233 val_acc=78.85% time=264.58s
[combo_full] Epoch 08/25 train_loss=0.4386 train_acc=85.29% val_loss=0.6963 val_acc=75.88% time=264.62s
[combo_full] Epoch 09/25 train_loss=0.4324 train_acc=85.17% val_loss=0.5422 val_acc=81.61% time=266.34s
[combo_full] Epoch 10/25 train_loss=0.4066 train_acc=86.34% val_loss=0.4996 val_acc=82.60% time=266.33s
[combo_full] Epoch 11/25 train_loss=0.3840 train_acc=86.97% val_loss=0.5927 val_acc=80.40% time=264.61s
[combo_full] Epoch 12/25 train_loss=0.3940 train_acc=86.82% val_loss=0.4799 val_acc=82.93% time=264.36s
[combo_full] Epoch 13/25 train_loss=0.3784 train_acc=86.44% val_loss=0.4383 val_acc=86.01% time=266.40s
[combo_full] Epoch 14/25 train_loss=0.3487 train_acc=87.87% val_loss=0.4842 val_acc=85.35% time=266.36s
[combo_full] Epoch 15/25 train_loss=0.3273 train_acc=88.98% val_loss=0.6676 val_acc=80.40% time=264.50s
[combo_full] Epoch 16/25 train_loss=0.3313 train_acc=88.65% val_loss=0.5579 val_acc=81.50% time=264.17s
[combo_full] Epoch 17/25 train_loss=0.3456 train_acc=88.17% val_loss=0.3996 val_acc=87.11% time=266.03s
[combo_full] Epoch 18/25 train_loss=0.3077 train_acc=89.53% val_loss=0.4907 val_acc=82.27% time=266.77s
[combo_full] Epoch 19/25 train_loss=0.3213 train_acc=89.10% val_loss=0.3852 val_acc=87.11% time=264.99s
[combo_full] Epoch 20/25 train_loss=0.3117 train_acc=88.93% val_loss=0.4131 val_acc=87.22% time=264.28s
[combo_full] Epoch 21/25 train_loss=0.2588 train_acc=91.26% val_loss=0.3328 val_acc=88.99% time=266.59s
[combo_full] Epoch 22/25 train_loss=0.2358 train_acc=91.73% val_loss=0.3189 val_acc=90.09% time=266.42s
[combo_full] Epoch 23/25 train_loss=0.2209 train_acc=92.13% val_loss=0.3041 val_acc=89.98% time=264.93s
[combo_full] Epoch 24/25 train_loss=0.2211 train_acc=92.73% val_loss=0.3287 val_acc=89.21% time=264.16s
[combo_full] Epoch 25/25 train_loss=0.2240 train_acc=92.43% val_loss=0.3317 val_acc=90.09% time=266.43s

=== Completed ===
Summary CSV: /home/nochi/NOCHI/M2_PAR/Apprenyissage_Pointcloud/Pointclouds-classification-with-the-POINTNET-Neural-network/PointNetLab/Code/reports/pointnetfull_aug_suite_20260208_145104/experiment_summary.csv
Summary JSON: /home/nochi/NOCHI/M2_PAR/Apprenyissage_Pointcloud/Pointclouds-classification-with-the-POINTNET-Neural-network/PointNetLab/Code/reports/pointnetfull_aug_suite_20260208_145104/experiment_summary.json
Summary notebook: /home/nochi/NOCHI/M2_PAR/Apprenyissage_Pointcloud/Pointclouds-classification-with-the-POINTNET-Neural-network/PointNetLab/Code/reports/pointnetfull_aug_suite_20260208_145104/notebooks/01_pointnetfull_augmentation_summary.ipynb
Detailed notebook: /home/nochi/NOCHI/M2_PAR/Apprenyissage_Pointcloud/Pointclouds-classification-with-the-POINTNET-Neural-network/PointNetLab/Code/reports/pointnetfull_aug_suite_20260208_145104/notebooks/02_pointnetfull_augmentation_detailed_logs.ipynb
Best setup: plus_jitter (91.08%)
